
> react-kavia@0.1.0 start
> cross-env EDIT_MODE=true webpack serve --config .ve/webpack.config.js --mode development

<i> [webpack-dev-server] Project is running at:
<i> [webpack-dev-server] Loopback: http://localhost:3000/, http://[::1]:3000/
<i> [webpack-dev-server] On Your Network (IPv4): http://172.17.0.2:3000/
<i> [webpack-dev-server] Content not from webpack is served from './public' directory
Injecting EditorRootWrapper import: ../.ve/EditorRootWrapper
asset bundle.js 1.41 MiB [emitted] (name: main)
asset index.html 1.98 KiB [emitted]
runtime modules 27.5 KiB 14 modules
modules by path ./node_modules/ 1.24 MiB 31 modules
modules by path ./src/ 26.7 KiB
  modules by path ./src/*.css 7.49 KiB 4 modules
  modules by path ./src/*.js 19.2 KiB
    ./src/index.js 530 bytes [built] [code generated]
    ./src/App.js 18.7 KiB [built] [code generated]
modules by path ./.ve/ 15.1 KiB
  modules by path ./.ve/*.js 10.6 KiB 2 modules
  modules by path ./.ve/*.css 2.93 KiB
    ./.ve/EditorOverlay.css 2.25 KiB [built] [code generated]
    ./node_modules/css-loader/dist/cjs.js!./.ve/EditorOverlay.css 697 bytes [built] [code generated]
  ./.ve/EditorOverlay.jsx 1.58 KiB [built] [code generated]
webpack 5.99.9 compiled successfully in 1374 ms
assets by status 1.98 KiB [cached] 1 asset
assets by path *.js 1.43 MiB
  asset bundle.js 1.42 MiB [emitted] (name: main)
  asset main.67844ca5f962f6e7d903.hot-update.js 13 KiB [emitted] [immutable] [hmr] (name: main)
asset main.67844ca5f962f6e7d903.hot-update.json 28 bytes [emitted] [immutable] [hmr]
Entrypoint main 1.43 MiB = bundle.js 1.42 MiB main.67844ca5f962f6e7d903.hot-update.js 13 KiB
cached modules 1.28 MiB [cached] 41 modules
runtime modules 27.5 KiB 14 modules
./node_modules/css-loader/dist/cjs.js!./src/App.css 10.2 KiB [built] [code generated]
webpack 5.99.9 compiled successfully in 105 ms
assets by status 1.98 KiB [cached] 1 asset
assets by path *.js 1.39 MiB
  asset bundle.js 1.38 MiB [emitted] (name: main)
  asset main.1a3ac8fa6ec173649acb.hot-update.js 8.09 KiB [emitted] [immutable] [hmr] (name: main)
asset main.1a3ac8fa6ec173649acb.hot-update.json 97 bytes [emitted] [immutable] [hmr]
Entrypoint main 1.39 MiB = bundle.js 1.38 MiB main.1a3ac8fa6ec173649acb.hot-update.js 8.09 KiB
cached modules 1.26 MiB [cached] 38 modules
runtime modules 27.5 KiB 14 modules
javascript modules 569 bytes
  ./src/index.js 530 bytes [code generated]
  ./src/App.js 39 bytes [built] [code generated] [1 error]

ERROR in ./src/App.js
Module build failed (from ./node_modules/babel-loader/lib/index.js):
SyntaxError: /home/kavia/workspace/code-generation/tictacweb-challenge-113508-0e7a474d/tic_tac_toe_frontend_workspace/tic_tac_toe_frontend/src/App.js: Unexpected token (116:0)

  114 |   return COLOR_SCREEN_DARK;
  115 | }
> 116 | =======
      | ^
  117 |
  118 | /**
  119 |  * PUBLIC_INTERFACE
    at constructor (/home/kavia/workspace/code-generation/tictacweb-challenge-113508-0e7a474d/tic_tac_toe_frontend_workspace/tic_tac_toe_frontend/node_modules/@babel/parser/lib/index.js:363:19)
    at JSXParserMixin.raise (/home/kavia/workspace/code-generation/tictacweb-challenge-113508-0e7a474d/tic_tac_toe_frontend_workspace/tic_tac_toe_frontend/node_modules/@babel/parser/lib/index.js:6609:19)
    at JSXParserMixin.unexpected (/home/kavia/workspace/code-generation/tictacweb-challenge-113508-0e7a474d/tic_tac_toe_frontend_workspace/tic_tac_toe_frontend/node_modules/@babel/parser/lib/index.js:6629:16)
    at JSXParserMixin.parseExprAtom (/home/kavia/workspace/code-generation/tictacweb-challenge-113508-0e7a474d/tic_tac_toe_frontend_workspace/tic_tac_toe_frontend/node_modules/@babel/parser/lib/index.js:11378:16)
    at JSXParserMixin.parseExprAtom (/home/kavia/workspace/code-generation/tictacweb-challenge-113508-0e7a474d/tic_tac_toe_frontend_workspace/tic_tac_toe_frontend/node_modules/@babel/parser/lib/index.js:4776:20)
    at JSXParserMixin.parseExprSubscripts (/home/kavia/workspace/code-generation/tictacweb-challenge-113508-0e7a474d/tic_tac_toe_frontend_workspace/tic_tac_toe_frontend/node_modules/@babel/parser/lib/index.js:11012:23)
    at JSXParserMixin.parseUpdate (/home/kavia/workspace/code-generation/tictacweb-challenge-113508-0e7a474d/tic_tac_toe_frontend_workspace/tic_tac_toe_frontend/node_modules/@babel/parser/lib/index.js:10997:21)
    at JSXParserMixin.parseMaybeUnary (/home/kavia/workspace/code-generation/tictacweb-challenge-113508-0e7a474d/tic_tac_toe_frontend_workspace/tic_tac_toe_frontend/node_modules/@babel/parser/lib/index.js:10977:23)
    at JSXParserMixin.parseMaybeUnaryOrPrivate (/home/kavia/workspace/code-generation/tictacweb-challenge-113508-0e7a474d/tic_tac_toe_frontend_workspace/tic_tac_toe_frontend/node_modules/@babel/parser/lib/index.js:10830:61)
    at JSXParserMixin.parseExprOps (/home/kavia/workspace/code-generation/tictacweb-challenge-113508-0e7a474d/tic_tac_toe_frontend_workspace/tic_tac_toe_frontend/node_modules/@babel/parser/lib/index.js:10835:23)
    at JSXParserMixin.parseMaybeConditional (/home/kavia/workspace/code-generation/tictacweb-challenge-113508-0e7a474d/tic_tac_toe_frontend_workspace/tic_tac_toe_frontend/node_modules/@babel/parser/lib/index.js:10812:23)
    at JSXParserMixin.parseMaybeAssign (/home/kavia/workspace/code-generation/tictacweb-challenge-113508-0e7a474d/tic_tac_toe_frontend_workspace/tic_tac_toe_frontend/node_modules/@babel/parser/lib/index.js:10765:21)
    at JSXParserMixin.parseExpressionBase (/home/kavia/workspace/code-generation/tictacweb-challenge-113508-0e7a474d/tic_tac_toe_frontend_workspace/tic_tac_toe_frontend/node_modules/@babel/parser/lib/index.js:10718:23)
    at /home/kavia/workspace/code-generation/tictacweb-challenge-113508-0e7a474d/tic_tac_toe_frontend_workspace/tic_tac_toe_frontend/node_modules/@babel/parser/lib/index.js:10714:39
    at JSXParserMixin.allowInAnd (/home/kavia/workspace/code-generation/tictacweb-challenge-113508-0e7a474d/tic_tac_toe_frontend_workspace/tic_tac_toe_frontend/node_modules/@babel/parser/lib/index.js:12356:16)
    at JSXParserMixin.parseExpression (/home/kavia/workspace/code-generation/tictacweb-challenge-113508-0e7a474d/tic_tac_toe_frontend_workspace/tic_tac_toe_frontend/node_modules/@babel/parser/lib/index.js:10714:17)
    at JSXParserMixin.parseStatementContent (/home/kavia/workspace/code-generation/tictacweb-challenge-113508-0e7a474d/tic_tac_toe_frontend_workspace/tic_tac_toe_frontend/node_modules/@babel/parser/lib/index.js:12814:23)
    at JSXParserMixin.parseStatementLike (/home/kavia/workspace/code-generation/tictacweb-challenge-113508-0e7a474d/tic_tac_toe_frontend_workspace/tic_tac_toe_frontend/node_modules/@babel/parser/lib/index.js:12685:17)
    at JSXParserMixin.parseModuleItem (/home/kavia/workspace/code-generation/tictacweb-challenge-113508-0e7a474d/tic_tac_toe_frontend_workspace/tic_tac_toe_frontend/node_modules/@babel/parser/lib/index.js:12662:17)
    at JSXParserMixin.parseBlockOrModuleBlockBody (/home/kavia/workspace/code-generation/tictacweb-challenge-113508-0e7a474d/tic_tac_toe_frontend_workspace/tic_tac_toe_frontend/node_modules/@babel/parser/lib/index.js:13235:36)
    at JSXParserMixin.parseBlockBody (/home/kavia/workspace/code-generation/tictacweb-challenge-113508-0e7a474d/tic_tac_toe_frontend_workspace/tic_tac_toe_frontend/node_modules/@babel/parser/lib/index.js:13228:10)
    at JSXParserMixin.parseProgram (/home/kavia/workspace/code-generation/tictacweb-challenge-113508-0e7a474d/tic_tac_toe_frontend_workspace/tic_tac_toe_frontend/node_modules/@babel/parser/lib/index.js:12541:10)
    at JSXParserMixin.parseTopLevel (/home/kavia/workspace/code-generation/tictacweb-challenge-113508-0e7a474d/tic_tac_toe_frontend_workspace/tic_tac_toe_frontend/node_modules/@babel/parser/lib/index.js:12531:25)
    at JSXParserMixin.parse (/home/kavia/workspace/code-generation/tictacweb-challenge-113508-0e7a474d/tic_tac_toe_frontend_workspace/tic_tac_toe_frontend/node_modules/@babel/parser/lib/index.js:14410:10)
    at parse (/home/kavia/workspace/code-generation/tictacweb-challenge-113508-0e7a474d/tic_tac_toe_frontend_workspace/tic_tac_toe_frontend/node_modules/@babel/parser/lib/index.js:14444:38)
    at parser (/home/kavia/workspace/code-generation/tictacweb-challenge-113508-0e7a474d/tic_tac_toe_frontend_workspace/tic_tac_toe_frontend/node_modules/@babel/core/lib/parser/index.js:41:34)
    at parser.next (<anonymous>)
    at normalizeFile (/home/kavia/workspace/code-generation/tictacweb-challenge-113508-0e7a474d/tic_tac_toe_frontend_workspace/tic_tac_toe_frontend/node_modules/@babel/core/lib/transformation/normalize-file.js:64:37)
    at normalizeFile.next (<anonymous>)
    at run (/home/kavia/workspace/code-generation/tictacweb-challenge-113508-0e7a474d/tic_tac_toe_frontend_workspace/tic_tac_toe_frontend/node_modules/@babel/core/lib/transformation/index.js:22:50)
    at run.next (<anonymous>)
    at transform (/home/kavia/workspace/code-generation/tictacweb-challenge-113508-0e7a474d/tic_tac_toe_frontend_workspace/tic_tac_toe_frontend/node_modules/@babel/core/lib/transform.js:22:33)
    at transform.next (<anonymous>)
    at step (/home/kavia/workspace/code-generation/tictacweb-challenge-113508-0e7a474d/tic_tac_toe_frontend_workspace/tic_tac_toe_frontend/node_modules/gensync/index.js:261:32)
    at /home/kavia/workspace/code-generation/tictacweb-challenge-113508-0e7a474d/tic_tac_toe_frontend_workspace/tic_tac_toe_frontend/node_modules/gensync/index.js:273:13
    at async.call.result.err.err (/home/kavia/workspace/code-generation/tictacweb-challenge-113508-0e7a474d/tic_tac_toe_frontend_workspace/tic_tac_toe_frontend/node_modules/gensync/index.js:223:11)
 @ ./src/index.js 5:0-24 11:32-35

webpack 5.99.9 compiled with 1 error in 43 ms
assets by status 1.39 MiB [cached] 2 assets
cached modules 1.26 MiB (javascript) 27.5 KiB (runtime) [cached] 53 modules
./src/App.js 39 bytes [built] [1 error]

ERROR in ./src/App.js
Module build failed (from ./node_modules/babel-loader/lib/index.js):
SyntaxError: /home/kavia/workspace/code-generation/tictacweb-challenge-113508-0e7a474d/tic_tac_toe_frontend_workspace/tic_tac_toe_frontend/src/App.js: Unexpected token (116:0)

  114 |   return COLOR_SCREEN_DARK;
  115 | }
> 116 | =======
      | ^
  117 |
  118 | /**
  119 |  * PUBLIC_INTERFACE
    at constructor (/home/kavia/workspace/code-generation/tictacweb-challenge-113508-0e7a474d/tic_tac_toe_frontend_workspace/tic_tac_toe_frontend/node_modules/@babel/parser/lib/index.js:363:19)
    at JSXParserMixin.raise (/home/kavia/workspace/code-generation/tictacweb-challenge-113508-0e7a474d/tic_tac_toe_frontend_workspace/tic_tac_toe_frontend/node_modules/@babel/parser/lib/index.js:6609:19)
    at JSXParserMixin.unexpected (/home/kavia/workspace/code-generation/tictacweb-challenge-113508-0e7a474d/tic_tac_toe_frontend_workspace/tic_tac_toe_frontend/node_modules/@babel/parser/lib/index.js:6629:16)
    at JSXParserMixin.parseExprAtom (/home/kavia/workspace/code-generation/tictacweb-challenge-113508-0e7a474d/tic_tac_toe_frontend_workspace/tic_tac_toe_frontend/node_modules/@babel/parser/lib/index.js:11378:16)
    at JSXParserMixin.parseExprAtom (/home/kavia/workspace/code-generation/tictacweb-challenge-113508-0e7a474d/tic_tac_toe_frontend_workspace/tic_tac_toe_frontend/node_modules/@babel/parser/lib/index.js:4776:20)
    at JSXParserMixin.parseExprSubscripts (/home/kavia/workspace/code-generation/tictacweb-challenge-113508-0e7a474d/tic_tac_toe_frontend_workspace/tic_tac_toe_frontend/node_modules/@babel/parser/lib/index.js:11012:23)
    at JSXParserMixin.parseUpdate (/home/kavia/workspace/code-generation/tictacweb-challenge-113508-0e7a474d/tic_tac_toe_frontend_workspace/tic_tac_toe_frontend/node_modules/@babel/parser/lib/index.js:10997:21)
    at JSXParserMixin.parseMaybeUnary (/home/kavia/workspace/code-generation/tictacweb-challenge-113508-0e7a474d/tic_tac_toe_frontend_workspace/tic_tac_toe_frontend/node_modules/@babel/parser/lib/index.js:10977:23)
    at JSXParserMixin.parseMaybeUnaryOrPrivate (/home/kavia/workspace/code-generation/tictacweb-challenge-113508-0e7a474d/tic_tac_toe_frontend_workspace/tic_tac_toe_frontend/node_modules/@babel/parser/lib/index.js:10830:61)
    at JSXParserMixin.parseExprOps (/home/kavia/workspace/code-generation/tictacweb-challenge-113508-0e7a474d/tic_tac_toe_frontend_workspace/tic_tac_toe_frontend/node_modules/@babel/parser/lib/index.js:10835:23)
    at JSXParserMixin.parseMaybeConditional (/home/kavia/workspace/code-generation/tictacweb-challenge-113508-0e7a474d/tic_tac_toe_frontend_workspace/tic_tac_toe_frontend/node_modules/@babel/parser/lib/index.js:10812:23)
    at JSXParserMixin.parseMaybeAssign (/home/kavia/workspace/code-generation/tictacweb-challenge-113508-0e7a474d/tic_tac_toe_frontend_workspace/tic_tac_toe_frontend/node_modules/@babel/parser/lib/index.js:10765:21)
    at JSXParserMixin.parseExpressionBase (/home/kavia/workspace/code-generation/tictacweb-challenge-113508-0e7a474d/tic_tac_toe_frontend_workspace/tic_tac_toe_frontend/node_modules/@babel/parser/lib/index.js:10718:23)
    at /home/kavia/workspace/code-generation/tictacweb-challenge-113508-0e7a474d/tic_tac_toe_frontend_workspace/tic_tac_toe_frontend/node_modules/@babel/parser/lib/index.js:10714:39
    at JSXParserMixin.allowInAnd (/home/kavia/workspace/code-generation/tictacweb-challenge-113508-0e7a474d/tic_tac_toe_frontend_workspace/tic_tac_toe_frontend/node_modules/@babel/parser/lib/index.js:12356:16)
    at JSXParserMixin.parseExpression (/home/kavia/workspace/code-generation/tictacweb-challenge-113508-0e7a474d/tic_tac_toe_frontend_workspace/tic_tac_toe_frontend/node_modules/@babel/parser/lib/index.js:10714:17)
    at JSXParserMixin.parseStatementContent (/home/kavia/workspace/code-generation/tictacweb-challenge-113508-0e7a474d/tic_tac_toe_frontend_workspace/tic_tac_toe_frontend/node_modules/@babel/parser/lib/index.js:12814:23)
    at JSXParserMixin.parseStatementLike (/home/kavia/workspace/code-generation/tictacweb-challenge-113508-0e7a474d/tic_tac_toe_frontend_workspace/tic_tac_toe_frontend/node_modules/@babel/parser/lib/index.js:12685:17)
    at JSXParserMixin.parseModuleItem (/home/kavia/workspace/code-generation/tictacweb-challenge-113508-0e7a474d/tic_tac_toe_frontend_workspace/tic_tac_toe_frontend/node_modules/@babel/parser/lib/index.js:12662:17)
    at JSXParserMixin.parseBlockOrModuleBlockBody (/home/kavia/workspace/code-generation/tictacweb-challenge-113508-0e7a474d/tic_tac_toe_frontend_workspace/tic_tac_toe_frontend/node_modules/@babel/parser/lib/index.js:13235:36)
    at JSXParserMixin.parseBlockBody (/home/kavia/workspace/code-generation/tictacweb-challenge-113508-0e7a474d/tic_tac_toe_frontend_workspace/tic_tac_toe_frontend/node_modules/@babel/parser/lib/index.js:13228:10)
    at JSXParserMixin.parseProgram (/home/kavia/workspace/code-generation/tictacweb-challenge-113508-0e7a474d/tic_tac_toe_frontend_workspace/tic_tac_toe_frontend/node_modules/@babel/parser/lib/index.js:12541:10)
    at JSXParserMixin.parseTopLevel (/home/kavia/workspace/code-generation/tictacweb-challenge-113508-0e7a474d/tic_tac_toe_frontend_workspace/tic_tac_toe_frontend/node_modules/@babel/parser/lib/index.js:12531:25)
    at JSXParserMixin.parse (/home/kavia/workspace/code-generation/tictacweb-challenge-113508-0e7a474d/tic_tac_toe_frontend_workspace/tic_tac_toe_frontend/node_modules/@babel/parser/lib/index.js:14410:10)
    at parse (/home/kavia/workspace/code-generation/tictacweb-challenge-113508-0e7a474d/tic_tac_toe_frontend_workspace/tic_tac_toe_frontend/node_modules/@babel/parser/lib/index.js:14444:38)
    at parser (/home/kavia/workspace/code-generation/tictacweb-challenge-113508-0e7a474d/tic_tac_toe_frontend_workspace/tic_tac_toe_frontend/node_modules/@babel/core/lib/parser/index.js:41:34)
    at parser.next (<anonymous>)
    at normalizeFile (/home/kavia/workspace/code-generation/tictacweb-challenge-113508-0e7a474d/tic_tac_toe_frontend_workspace/tic_tac_toe_frontend/node_modules/@babel/core/lib/transformation/normalize-file.js:64:37)
    at normalizeFile.next (<anonymous>)
    at run (/home/kavia/workspace/code-generation/tictacweb-challenge-113508-0e7a474d/tic_tac_toe_frontend_workspace/tic_tac_toe_frontend/node_modules/@babel/core/lib/transformation/index.js:22:50)
    at run.next (<anonymous>)
    at transform (/home/kavia/workspace/code-generation/tictacweb-challenge-113508-0e7a474d/tic_tac_toe_frontend_workspace/tic_tac_toe_frontend/node_modules/@babel/core/lib/transform.js:22:33)
    at transform.next (<anonymous>)
    at step (/home/kavia/workspace/code-generation/tictacweb-challenge-113508-0e7a474d/tic_tac_toe_frontend_workspace/tic_tac_toe_frontend/node_modules/gensync/index.js:261:32)
    at /home/kavia/workspace/code-generation/tictacweb-challenge-113508-0e7a474d/tic_tac_toe_frontend_workspace/tic_tac_toe_frontend/node_modules/gensync/index.js:273:13
    at async.call.result.err.err (/home/kavia/workspace/code-generation/tictacweb-challenge-113508-0e7a474d/tic_tac_toe_frontend_workspace/tic_tac_toe_frontend/node_modules/gensync/index.js:223:11)
 @ ./src/index.js 5:0-24 11:32-35

webpack 5.99.9 compiled with 1 error in 33 ms
assets by status 1.39 MiB [cached] 2 assets
cached modules 1.26 MiB (javascript) 27.5 KiB (runtime) [cached] 53 modules
./src/App.js 39 bytes [built] [1 error]

ERROR in ./src/App.js
Module build failed (from ./node_modules/babel-loader/lib/index.js):
SyntaxError: /home/kavia/workspace/code-generation/tictacweb-challenge-113508-0e7a474d/tic_tac_toe_frontend_workspace/tic_tac_toe_frontend/src/App.js: Unexpected token (116:0)

  114 |   return COLOR_SCREEN_DARK;
  115 | }
> 116 | =======
      | ^
  117 |
  118 | /**
  119 |  * PUBLIC_INTERFACE
    at constructor (/home/kavia/workspace/code-generation/tictacweb-challenge-113508-0e7a474d/tic_tac_toe_frontend_workspace/tic_tac_toe_frontend/node_modules/@babel/parser/lib/index.js:363:19)
    at JSXParserMixin.raise (/home/kavia/workspace/code-generation/tictacweb-challenge-113508-0e7a474d/tic_tac_toe_frontend_workspace/tic_tac_toe_frontend/node_modules/@babel/parser/lib/index.js:6609:19)
    at JSXParserMixin.unexpected (/home/kavia/workspace/code-generation/tictacweb-challenge-113508-0e7a474d/tic_tac_toe_frontend_workspace/tic_tac_toe_frontend/node_modules/@babel/parser/lib/index.js:6629:16)
    at JSXParserMixin.parseExprAtom (/home/kavia/workspace/code-generation/tictacweb-challenge-113508-0e7a474d/tic_tac_toe_frontend_workspace/tic_tac_toe_frontend/node_modules/@babel/parser/lib/index.js:11378:16)
    at JSXParserMixin.parseExprAtom (/home/kavia/workspace/code-generation/tictacweb-challenge-113508-0e7a474d/tic_tac_toe_frontend_workspace/tic_tac_toe_frontend/node_modules/@babel/parser/lib/index.js:4776:20)
    at JSXParserMixin.parseExprSubscripts (/home/kavia/workspace/code-generation/tictacweb-challenge-113508-0e7a474d/tic_tac_toe_frontend_workspace/tic_tac_toe_frontend/node_modules/@babel/parser/lib/index.js:11012:23)
    at JSXParserMixin.parseUpdate (/home/kavia/workspace/code-generation/tictacweb-challenge-113508-0e7a474d/tic_tac_toe_frontend_workspace/tic_tac_toe_frontend/node_modules/@babel/parser/lib/index.js:10997:21)
    at JSXParserMixin.parseMaybeUnary (/home/kavia/workspace/code-generation/tictacweb-challenge-113508-0e7a474d/tic_tac_toe_frontend_workspace/tic_tac_toe_frontend/node_modules/@babel/parser/lib/index.js:10977:23)
    at JSXParserMixin.parseMaybeUnaryOrPrivate (/home/kavia/workspace/code-generation/tictacweb-challenge-113508-0e7a474d/tic_tac_toe_frontend_workspace/tic_tac_toe_frontend/node_modules/@babel/parser/lib/index.js:10830:61)
    at JSXParserMixin.parseExprOps (/home/kavia/workspace/code-generation/tictacweb-challenge-113508-0e7a474d/tic_tac_toe_frontend_workspace/tic_tac_toe_frontend/node_modules/@babel/parser/lib/index.js:10835:23)
    at JSXParserMixin.parseMaybeConditional (/home/kavia/workspace/code-generation/tictacweb-challenge-113508-0e7a474d/tic_tac_toe_frontend_workspace/tic_tac_toe_frontend/node_modules/@babel/parser/lib/index.js:10812:23)
    at JSXParserMixin.parseMaybeAssign (/home/kavia/workspace/code-generation/tictacweb-challenge-113508-0e7a474d/tic_tac_toe_frontend_workspace/tic_tac_toe_frontend/node_modules/@babel/parser/lib/index.js:10765:21)
    at JSXParserMixin.parseExpressionBase (/home/kavia/workspace/code-generation/tictacweb-challenge-113508-0e7a474d/tic_tac_toe_frontend_workspace/tic_tac_toe_frontend/node_modules/@babel/parser/lib/index.js:10718:23)
    at /home/kavia/workspace/code-generation/tictacweb-challenge-113508-0e7a474d/tic_tac_toe_frontend_workspace/tic_tac_toe_frontend/node_modules/@babel/parser/lib/index.js:10714:39
    at JSXParserMixin.allowInAnd (/home/kavia/workspace/code-generation/tictacweb-challenge-113508-0e7a474d/tic_tac_toe_frontend_workspace/tic_tac_toe_frontend/node_modules/@babel/parser/lib/index.js:12356:16)
    at JSXParserMixin.parseExpression (/home/kavia/workspace/code-generation/tictacweb-challenge-113508-0e7a474d/tic_tac_toe_frontend_workspace/tic_tac_toe_frontend/node_modules/@babel/parser/lib/index.js:10714:17)
    at JSXParserMixin.parseStatementContent (/home/kavia/workspace/code-generation/tictacweb-challenge-113508-0e7a474d/tic_tac_toe_frontend_workspace/tic_tac_toe_frontend/node_modules/@babel/parser/lib/index.js:12814:23)
    at JSXParserMixin.parseStatementLike (/home/kavia/workspace/code-generation/tictacweb-challenge-113508-0e7a474d/tic_tac_toe_frontend_workspace/tic_tac_toe_frontend/node_modules/@babel/parser/lib/index.js:12685:17)
    at JSXParserMixin.parseModuleItem (/home/kavia/workspace/code-generation/tictacweb-challenge-113508-0e7a474d/tic_tac_toe_frontend_workspace/tic_tac_toe_frontend/node_modules/@babel/parser/lib/index.js:12662:17)
    at JSXParserMixin.parseBlockOrModuleBlockBody (/home/kavia/workspace/code-generation/tictacweb-challenge-113508-0e7a474d/tic_tac_toe_frontend_workspace/tic_tac_toe_frontend/node_modules/@babel/parser/lib/index.js:13235:36)
    at JSXParserMixin.parseBlockBody (/home/kavia/workspace/code-generation/tictacweb-challenge-113508-0e7a474d/tic_tac_toe_frontend_workspace/tic_tac_toe_frontend/node_modules/@babel/parser/lib/index.js:13228:10)
    at JSXParserMixin.parseProgram (/home/kavia/workspace/code-generation/tictacweb-challenge-113508-0e7a474d/tic_tac_toe_frontend_workspace/tic_tac_toe_frontend/node_modules/@babel/parser/lib/index.js:12541:10)
    at JSXParserMixin.parseTopLevel (/home/kavia/workspace/code-generation/tictacweb-challenge-113508-0e7a474d/tic_tac_toe_frontend_workspace/tic_tac_toe_frontend/node_modules/@babel/parser/lib/index.js:12531:25)
    at JSXParserMixin.parse (/home/kavia/workspace/code-generation/tictacweb-challenge-113508-0e7a474d/tic_tac_toe_frontend_workspace/tic_tac_toe_frontend/node_modules/@babel/parser/lib/index.js:14410:10)
    at parse (/home/kavia/workspace/code-generation/tictacweb-challenge-113508-0e7a474d/tic_tac_toe_frontend_workspace/tic_tac_toe_frontend/node_modules/@babel/parser/lib/index.js:14444:38)
    at parser (/home/kavia/workspace/code-generation/tictacweb-challenge-113508-0e7a474d/tic_tac_toe_frontend_workspace/tic_tac_toe_frontend/node_modules/@babel/core/lib/parser/index.js:41:34)
    at parser.next (<anonymous>)
    at normalizeFile (/home/kavia/workspace/code-generation/tictacweb-challenge-113508-0e7a474d/tic_tac_toe_frontend_workspace/tic_tac_toe_frontend/node_modules/@babel/core/lib/transformation/normalize-file.js:64:37)
    at normalizeFile.next (<anonymous>)
    at run (/home/kavia/workspace/code-generation/tictacweb-challenge-113508-0e7a474d/tic_tac_toe_frontend_workspace/tic_tac_toe_frontend/node_modules/@babel/core/lib/transformation/index.js:22:50)
    at run.next (<anonymous>)
    at transform (/home/kavia/workspace/code-generation/tictacweb-challenge-113508-0e7a474d/tic_tac_toe_frontend_workspace/tic_tac_toe_frontend/node_modules/@babel/core/lib/transform.js:22:33)
    at transform.next (<anonymous>)
    at step (/home/kavia/workspace/code-generation/tictacweb-challenge-113508-0e7a474d/tic_tac_toe_frontend_workspace/tic_tac_toe_frontend/node_modules/gensync/index.js:261:32)
    at /home/kavia/workspace/code-generation/tictacweb-challenge-113508-0e7a474d/tic_tac_toe_frontend_workspace/tic_tac_toe_frontend/node_modules/gensync/index.js:273:13
    at async.call.result.err.err (/home/kavia/workspace/code-generation/tictacweb-challenge-113508-0e7a474d/tic_tac_toe_frontend_workspace/tic_tac_toe_frontend/node_modules/gensync/index.js:223:11)
 @ ./src/index.js 5:0-24 11:32-35

webpack 5.99.9 compiled with 1 error in 27 ms
assets by status 1.39 MiB [cached] 2 assets
cached modules 1.26 MiB (javascript) 27.5 KiB (runtime) [cached] 53 modules
./src/App.js 39 bytes [built] [1 error]

ERROR in ./src/App.js
Module build failed (from ./node_modules/babel-loader/lib/index.js):
SyntaxError: /home/kavia/workspace/code-generation/tictacweb-challenge-113508-0e7a474d/tic_tac_toe_frontend_workspace/tic_tac_toe_frontend/src/App.js: Unexpected token (116:0)

  114 |   return COLOR_SCREEN_DARK;
  115 | }
> 116 | =======
      | ^
  117 |
  118 | /**
  119 |  * PUBLIC_INTERFACE
    at constructor (/home/kavia/workspace/code-generation/tictacweb-challenge-113508-0e7a474d/tic_tac_toe_frontend_workspace/tic_tac_toe_frontend/node_modules/@babel/parser/lib/index.js:363:19)
    at JSXParserMixin.raise (/home/kavia/workspace/code-generation/tictacweb-challenge-113508-0e7a474d/tic_tac_toe_frontend_workspace/tic_tac_toe_frontend/node_modules/@babel/parser/lib/index.js:6609:19)
    at JSXParserMixin.unexpected (/home/kavia/workspace/code-generation/tictacweb-challenge-113508-0e7a474d/tic_tac_toe_frontend_workspace/tic_tac_toe_frontend/node_modules/@babel/parser/lib/index.js:6629:16)
    at JSXParserMixin.parseExprAtom (/home/kavia/workspace/code-generation/tictacweb-challenge-113508-0e7a474d/tic_tac_toe_frontend_workspace/tic_tac_toe_frontend/node_modules/@babel/parser/lib/index.js:11378:16)
    at JSXParserMixin.parseExprAtom (/home/kavia/workspace/code-generation/tictacweb-challenge-113508-0e7a474d/tic_tac_toe_frontend_workspace/tic_tac_toe_frontend/node_modules/@babel/parser/lib/index.js:4776:20)
    at JSXParserMixin.parseExprSubscripts (/home/kavia/workspace/code-generation/tictacweb-challenge-113508-0e7a474d/tic_tac_toe_frontend_workspace/tic_tac_toe_frontend/node_modules/@babel/parser/lib/index.js:11012:23)
    at JSXParserMixin.parseUpdate (/home/kavia/workspace/code-generation/tictacweb-challenge-113508-0e7a474d/tic_tac_toe_frontend_workspace/tic_tac_toe_frontend/node_modules/@babel/parser/lib/index.js:10997:21)
    at JSXParserMixin.parseMaybeUnary (/home/kavia/workspace/code-generation/tictacweb-challenge-113508-0e7a474d/tic_tac_toe_frontend_workspace/tic_tac_toe_frontend/node_modules/@babel/parser/lib/index.js:10977:23)
    at JSXParserMixin.parseMaybeUnaryOrPrivate (/home/kavia/workspace/code-generation/tictacweb-challenge-113508-0e7a474d/tic_tac_toe_frontend_workspace/tic_tac_toe_frontend/node_modules/@babel/parser/lib/index.js:10830:61)
    at JSXParserMixin.parseExprOps (/home/kavia/workspace/code-generation/tictacweb-challenge-113508-0e7a474d/tic_tac_toe_frontend_workspace/tic_tac_toe_frontend/node_modules/@babel/parser/lib/index.js:10835:23)
    at JSXParserMixin.parseMaybeConditional (/home/kavia/workspace/code-generation/tictacweb-challenge-113508-0e7a474d/tic_tac_toe_frontend_workspace/tic_tac_toe_frontend/node_modules/@babel/parser/lib/index.js:10812:23)
    at JSXParserMixin.parseMaybeAssign (/home/kavia/workspace/code-generation/tictacweb-challenge-113508-0e7a474d/tic_tac_toe_frontend_workspace/tic_tac_toe_frontend/node_modules/@babel/parser/lib/index.js:10765:21)
    at JSXParserMixin.parseExpressionBase (/home/kavia/workspace/code-generation/tictacweb-challenge-113508-0e7a474d/tic_tac_toe_frontend_workspace/tic_tac_toe_frontend/node_modules/@babel/parser/lib/index.js:10718:23)
    at /home/kavia/workspace/code-generation/tictacweb-challenge-113508-0e7a474d/tic_tac_toe_frontend_workspace/tic_tac_toe_frontend/node_modules/@babel/parser/lib/index.js:10714:39
    at JSXParserMixin.allowInAnd (/home/kavia/workspace/code-generation/tictacweb-challenge-113508-0e7a474d/tic_tac_toe_frontend_workspace/tic_tac_toe_frontend/node_modules/@babel/parser/lib/index.js:12356:16)
    at JSXParserMixin.parseExpression (/home/kavia/workspace/code-generation/tictacweb-challenge-113508-0e7a474d/tic_tac_toe_frontend_workspace/tic_tac_toe_frontend/node_modules/@babel/parser/lib/index.js:10714:17)
    at JSXParserMixin.parseStatementContent (/home/kavia/workspace/code-generation/tictacweb-challenge-113508-0e7a474d/tic_tac_toe_frontend_workspace/tic_tac_toe_frontend/node_modules/@babel/parser/lib/index.js:12814:23)
    at JSXParserMixin.parseStatementLike (/home/kavia/workspace/code-generation/tictacweb-challenge-113508-0e7a474d/tic_tac_toe_frontend_workspace/tic_tac_toe_frontend/node_modules/@babel/parser/lib/index.js:12685:17)
    at JSXParserMixin.parseModuleItem (/home/kavia/workspace/code-generation/tictacweb-challenge-113508-0e7a474d/tic_tac_toe_frontend_workspace/tic_tac_toe_frontend/node_modules/@babel/parser/lib/index.js:12662:17)
    at JSXParserMixin.parseBlockOrModuleBlockBody (/home/kavia/workspace/code-generation/tictacweb-challenge-113508-0e7a474d/tic_tac_toe_frontend_workspace/tic_tac_toe_frontend/node_modules/@babel/parser/lib/index.js:13235:36)
    at JSXParserMixin.parseBlockBody (/home/kavia/workspace/code-generation/tictacweb-challenge-113508-0e7a474d/tic_tac_toe_frontend_workspace/tic_tac_toe_frontend/node_modules/@babel/parser/lib/index.js:13228:10)
    at JSXParserMixin.parseProgram (/home/kavia/workspace/code-generation/tictacweb-challenge-113508-0e7a474d/tic_tac_toe_frontend_workspace/tic_tac_toe_frontend/node_modules/@babel/parser/lib/index.js:12541:10)
    at JSXParserMixin.parseTopLevel (/home/kavia/workspace/code-generation/tictacweb-challenge-113508-0e7a474d/tic_tac_toe_frontend_workspace/tic_tac_toe_frontend/node_modules/@babel/parser/lib/index.js:12531:25)
    at JSXParserMixin.parse (/home/kavia/workspace/code-generation/tictacweb-challenge-113508-0e7a474d/tic_tac_toe_frontend_workspace/tic_tac_toe_frontend/node_modules/@babel/parser/lib/index.js:14410:10)
    at parse (/home/kavia/workspace/code-generation/tictacweb-challenge-113508-0e7a474d/tic_tac_toe_frontend_workspace/tic_tac_toe_frontend/node_modules/@babel/parser/lib/index.js:14444:38)
    at parser (/home/kavia/workspace/code-generation/tictacweb-challenge-113508-0e7a474d/tic_tac_toe_frontend_workspace/tic_tac_toe_frontend/node_modules/@babel/core/lib/parser/index.js:41:34)
    at parser.next (<anonymous>)
    at normalizeFile (/home/kavia/workspace/code-generation/tictacweb-challenge-113508-0e7a474d/tic_tac_toe_frontend_workspace/tic_tac_toe_frontend/node_modules/@babel/core/lib/transformation/normalize-file.js:64:37)
    at normalizeFile.next (<anonymous>)
    at run (/home/kavia/workspace/code-generation/tictacweb-challenge-113508-0e7a474d/tic_tac_toe_frontend_workspace/tic_tac_toe_frontend/node_modules/@babel/core/lib/transformation/index.js:22:50)
    at run.next (<anonymous>)
    at transform (/home/kavia/workspace/code-generation/tictacweb-challenge-113508-0e7a474d/tic_tac_toe_frontend_workspace/tic_tac_toe_frontend/node_modules/@babel/core/lib/transform.js:22:33)
    at transform.next (<anonymous>)
    at step (/home/kavia/workspace/code-generation/tictacweb-challenge-113508-0e7a474d/tic_tac_toe_frontend_workspace/tic_tac_toe_frontend/node_modules/gensync/index.js:261:32)
    at /home/kavia/workspace/code-generation/tictacweb-challenge-113508-0e7a474d/tic_tac_toe_frontend_workspace/tic_tac_toe_frontend/node_modules/gensync/index.js:273:13
    at async.call.result.err.err (/home/kavia/workspace/code-generation/tictacweb-challenge-113508-0e7a474d/tic_tac_toe_frontend_workspace/tic_tac_toe_frontend/node_modules/gensync/index.js:223:11)
 @ ./src/index.js 5:0-24 11:32-35

webpack 5.99.9 compiled with 1 error in 29 ms
assets by status 1.39 MiB [cached] 2 assets
cached modules 1.26 MiB (javascript) 27.5 KiB (runtime) [cached] 53 modules
./src/App.js 39 bytes [built] [1 error]

ERROR in ./src/App.js
Module build failed (from ./node_modules/babel-loader/lib/index.js):
SyntaxError: /home/kavia/workspace/code-generation/tictacweb-challenge-113508-0e7a474d/tic_tac_toe_frontend_workspace/tic_tac_toe_frontend/src/App.js: Unexpected token (116:0)

  114 |   return COLOR_SCREEN_DARK;
  115 | }
> 116 | =======
      | ^
  117 |
  118 | /**
  119 |  * PUBLIC_INTERFACE
    at constructor (/home/kavia/workspace/code-generation/tictacweb-challenge-113508-0e7a474d/tic_tac_toe_frontend_workspace/tic_tac_toe_frontend/node_modules/@babel/parser/lib/index.js:363:19)
    at JSXParserMixin.raise (/home/kavia/workspace/code-generation/tictacweb-challenge-113508-0e7a474d/tic_tac_toe_frontend_workspace/tic_tac_toe_frontend/node_modules/@babel/parser/lib/index.js:6609:19)
    at JSXParserMixin.unexpected (/home/kavia/workspace/code-generation/tictacweb-challenge-113508-0e7a474d/tic_tac_toe_frontend_workspace/tic_tac_toe_frontend/node_modules/@babel/parser/lib/index.js:6629:16)
    at JSXParserMixin.parseExprAtom (/home/kavia/workspace/code-generation/tictacweb-challenge-113508-0e7a474d/tic_tac_toe_frontend_workspace/tic_tac_toe_frontend/node_modules/@babel/parser/lib/index.js:11378:16)
    at JSXParserMixin.parseExprAtom (/home/kavia/workspace/code-generation/tictacweb-challenge-113508-0e7a474d/tic_tac_toe_frontend_workspace/tic_tac_toe_frontend/node_modules/@babel/parser/lib/index.js:4776:20)
    at JSXParserMixin.parseExprSubscripts (/home/kavia/workspace/code-generation/tictacweb-challenge-113508-0e7a474d/tic_tac_toe_frontend_workspace/tic_tac_toe_frontend/node_modules/@babel/parser/lib/index.js:11012:23)
    at JSXParserMixin.parseUpdate (/home/kavia/workspace/code-generation/tictacweb-challenge-113508-0e7a474d/tic_tac_toe_frontend_workspace/tic_tac_toe_frontend/node_modules/@babel/parser/lib/index.js:10997:21)
    at JSXParserMixin.parseMaybeUnary (/home/kavia/workspace/code-generation/tictacweb-challenge-113508-0e7a474d/tic_tac_toe_frontend_workspace/tic_tac_toe_frontend/node_modules/@babel/parser/lib/index.js:10977:23)
    at JSXParserMixin.parseMaybeUnaryOrPrivate (/home/kavia/workspace/code-generation/tictacweb-challenge-113508-0e7a474d/tic_tac_toe_frontend_workspace/tic_tac_toe_frontend/node_modules/@babel/parser/lib/index.js:10830:61)
    at JSXParserMixin.parseExprOps (/home/kavia/workspace/code-generation/tictacweb-challenge-113508-0e7a474d/tic_tac_toe_frontend_workspace/tic_tac_toe_frontend/node_modules/@babel/parser/lib/index.js:10835:23)
    at JSXParserMixin.parseMaybeConditional (/home/kavia/workspace/code-generation/tictacweb-challenge-113508-0e7a474d/tic_tac_toe_frontend_workspace/tic_tac_toe_frontend/node_modules/@babel/parser/lib/index.js:10812:23)
    at JSXParserMixin.parseMaybeAssign (/home/kavia/workspace/code-generation/tictacweb-challenge-113508-0e7a474d/tic_tac_toe_frontend_workspace/tic_tac_toe_frontend/node_modules/@babel/parser/lib/index.js:10765:21)
    at JSXParserMixin.parseExpressionBase (/home/kavia/workspace/code-generation/tictacweb-challenge-113508-0e7a474d/tic_tac_toe_frontend_workspace/tic_tac_toe_frontend/node_modules/@babel/parser/lib/index.js:10718:23)
    at /home/kavia/workspace/code-generation/tictacweb-challenge-113508-0e7a474d/tic_tac_toe_frontend_workspace/tic_tac_toe_frontend/node_modules/@babel/parser/lib/index.js:10714:39
    at JSXParserMixin.allowInAnd (/home/kavia/workspace/code-generation/tictacweb-challenge-113508-0e7a474d/tic_tac_toe_frontend_workspace/tic_tac_toe_frontend/node_modules/@babel/parser/lib/index.js:12356:16)
    at JSXParserMixin.parseExpression (/home/kavia/workspace/code-generation/tictacweb-challenge-113508-0e7a474d/tic_tac_toe_frontend_workspace/tic_tac_toe_frontend/node_modules/@babel/parser/lib/index.js:10714:17)
    at JSXParserMixin.parseStatementContent (/home/kavia/workspace/code-generation/tictacweb-challenge-113508-0e7a474d/tic_tac_toe_frontend_workspace/tic_tac_toe_frontend/node_modules/@babel/parser/lib/index.js:12814:23)
    at JSXParserMixin.parseStatementLike (/home/kavia/workspace/code-generation/tictacweb-challenge-113508-0e7a474d/tic_tac_toe_frontend_workspace/tic_tac_toe_frontend/node_modules/@babel/parser/lib/index.js:12685:17)
    at JSXParserMixin.parseModuleItem (/home/kavia/workspace/code-generation/tictacweb-challenge-113508-0e7a474d/tic_tac_toe_frontend_workspace/tic_tac_toe_frontend/node_modules/@babel/parser/lib/index.js:12662:17)
    at JSXParserMixin.parseBlockOrModuleBlockBody (/home/kavia/workspace/code-generation/tictacweb-challenge-113508-0e7a474d/tic_tac_toe_frontend_workspace/tic_tac_toe_frontend/node_modules/@babel/parser/lib/index.js:13235:36)
    at JSXParserMixin.parseBlockBody (/home/kavia/workspace/code-generation/tictacweb-challenge-113508-0e7a474d/tic_tac_toe_frontend_workspace/tic_tac_toe_frontend/node_modules/@babel/parser/lib/index.js:13228:10)
    at JSXParserMixin.parseProgram (/home/kavia/workspace/code-generation/tictacweb-challenge-113508-0e7a474d/tic_tac_toe_frontend_workspace/tic_tac_toe_frontend/node_modules/@babel/parser/lib/index.js:12541:10)
    at JSXParserMixin.parseTopLevel (/home/kavia/workspace/code-generation/tictacweb-challenge-113508-0e7a474d/tic_tac_toe_frontend_workspace/tic_tac_toe_frontend/node_modules/@babel/parser/lib/index.js:12531:25)
    at JSXParserMixin.parse (/home/kavia/workspace/code-generation/tictacweb-challenge-113508-0e7a474d/tic_tac_toe_frontend_workspace/tic_tac_toe_frontend/node_modules/@babel/parser/lib/index.js:14410:10)
    at parse (/home/kavia/workspace/code-generation/tictacweb-challenge-113508-0e7a474d/tic_tac_toe_frontend_workspace/tic_tac_toe_frontend/node_modules/@babel/parser/lib/index.js:14444:38)
    at parser (/home/kavia/workspace/code-generation/tictacweb-challenge-113508-0e7a474d/tic_tac_toe_frontend_workspace/tic_tac_toe_frontend/node_modules/@babel/core/lib/parser/index.js:41:34)
    at parser.next (<anonymous>)
    at normalizeFile (/home/kavia/workspace/code-generation/tictacweb-challenge-113508-0e7a474d/tic_tac_toe_frontend_workspace/tic_tac_toe_frontend/node_modules/@babel/core/lib/transformation/normalize-file.js:64:37)
    at normalizeFile.next (<anonymous>)
    at run (/home/kavia/workspace/code-generation/tictacweb-challenge-113508-0e7a474d/tic_tac_toe_frontend_workspace/tic_tac_toe_frontend/node_modules/@babel/core/lib/transformation/index.js:22:50)
    at run.next (<anonymous>)
    at transform (/home/kavia/workspace/code-generation/tictacweb-challenge-113508-0e7a474d/tic_tac_toe_frontend_workspace/tic_tac_toe_frontend/node_modules/@babel/core/lib/transform.js:22:33)
    at transform.next (<anonymous>)
    at step (/home/kavia/workspace/code-generation/tictacweb-challenge-113508-0e7a474d/tic_tac_toe_frontend_workspace/tic_tac_toe_frontend/node_modules/gensync/index.js:261:32)
    at /home/kavia/workspace/code-generation/tictacweb-challenge-113508-0e7a474d/tic_tac_toe_frontend_workspace/tic_tac_toe_frontend/node_modules/gensync/index.js:273:13
    at async.call.result.err.err (/home/kavia/workspace/code-generation/tictacweb-challenge-113508-0e7a474d/tic_tac_toe_frontend_workspace/tic_tac_toe_frontend/node_modules/gensync/index.js:223:11)
 @ ./src/index.js 5:0-24 11:32-35

webpack 5.99.9 compiled with 1 error in 23 ms
assets by status 1.39 MiB [cached] 2 assets
cached modules 1.26 MiB (javascript) 27.5 KiB (runtime) [cached] 53 modules
./src/App.js 39 bytes [built] [1 error]

ERROR in ./src/App.js
Module build failed (from ./node_modules/babel-loader/lib/index.js):
SyntaxError: /home/kavia/workspace/code-generation/tictacweb-challenge-113508-0e7a474d/tic_tac_toe_frontend_workspace/tic_tac_toe_frontend/src/App.js: Unexpected token (116:0)

  114 |   return COLOR_SCREEN_DARK;
  115 | }
> 116 | =======
      | ^
  117 |
  118 | /**
  119 |  * PUBLIC_INTERFACE
    at constructor (/home/kavia/workspace/code-generation/tictacweb-challenge-113508-0e7a474d/tic_tac_toe_frontend_workspace/tic_tac_toe_frontend/node_modules/@babel/parser/lib/index.js:363:19)
    at JSXParserMixin.raise (/home/kavia/workspace/code-generation/tictacweb-challenge-113508-0e7a474d/tic_tac_toe_frontend_workspace/tic_tac_toe_frontend/node_modules/@babel/parser/lib/index.js:6609:19)
    at JSXParserMixin.unexpected (/home/kavia/workspace/code-generation/tictacweb-challenge-113508-0e7a474d/tic_tac_toe_frontend_workspace/tic_tac_toe_frontend/node_modules/@babel/parser/lib/index.js:6629:16)
    at JSXParserMixin.parseExprAtom (/home/kavia/workspace/code-generation/tictacweb-challenge-113508-0e7a474d/tic_tac_toe_frontend_workspace/tic_tac_toe_frontend/node_modules/@babel/parser/lib/index.js:11378:16)
    at JSXParserMixin.parseExprAtom (/home/kavia/workspace/code-generation/tictacweb-challenge-113508-0e7a474d/tic_tac_toe_frontend_workspace/tic_tac_toe_frontend/node_modules/@babel/parser/lib/index.js:4776:20)
    at JSXParserMixin.parseExprSubscripts (/home/kavia/workspace/code-generation/tictacweb-challenge-113508-0e7a474d/tic_tac_toe_frontend_workspace/tic_tac_toe_frontend/node_modules/@babel/parser/lib/index.js:11012:23)
    at JSXParserMixin.parseUpdate (/home/kavia/workspace/code-generation/tictacweb-challenge-113508-0e7a474d/tic_tac_toe_frontend_workspace/tic_tac_toe_frontend/node_modules/@babel/parser/lib/index.js:10997:21)
    at JSXParserMixin.parseMaybeUnary (/home/kavia/workspace/code-generation/tictacweb-challenge-113508-0e7a474d/tic_tac_toe_frontend_workspace/tic_tac_toe_frontend/node_modules/@babel/parser/lib/index.js:10977:23)
    at JSXParserMixin.parseMaybeUnaryOrPrivate (/home/kavia/workspace/code-generation/tictacweb-challenge-113508-0e7a474d/tic_tac_toe_frontend_workspace/tic_tac_toe_frontend/node_modules/@babel/parser/lib/index.js:10830:61)
    at JSXParserMixin.parseExprOps (/home/kavia/workspace/code-generation/tictacweb-challenge-113508-0e7a474d/tic_tac_toe_frontend_workspace/tic_tac_toe_frontend/node_modules/@babel/parser/lib/index.js:10835:23)
    at JSXParserMixin.parseMaybeConditional (/home/kavia/workspace/code-generation/tictacweb-challenge-113508-0e7a474d/tic_tac_toe_frontend_workspace/tic_tac_toe_frontend/node_modules/@babel/parser/lib/index.js:10812:23)
    at JSXParserMixin.parseMaybeAssign (/home/kavia/workspace/code-generation/tictacweb-challenge-113508-0e7a474d/tic_tac_toe_frontend_workspace/tic_tac_toe_frontend/node_modules/@babel/parser/lib/index.js:10765:21)
    at JSXParserMixin.parseExpressionBase (/home/kavia/workspace/code-generation/tictacweb-challenge-113508-0e7a474d/tic_tac_toe_frontend_workspace/tic_tac_toe_frontend/node_modules/@babel/parser/lib/index.js:10718:23)
    at /home/kavia/workspace/code-generation/tictacweb-challenge-113508-0e7a474d/tic_tac_toe_frontend_workspace/tic_tac_toe_frontend/node_modules/@babel/parser/lib/index.js:10714:39
    at JSXParserMixin.allowInAnd (/home/kavia/workspace/code-generation/tictacweb-challenge-113508-0e7a474d/tic_tac_toe_frontend_workspace/tic_tac_toe_frontend/node_modules/@babel/parser/lib/index.js:12356:16)
    at JSXParserMixin.parseExpression (/home/kavia/workspace/code-generation/tictacweb-challenge-113508-0e7a474d/tic_tac_toe_frontend_workspace/tic_tac_toe_frontend/node_modules/@babel/parser/lib/index.js:10714:17)
    at JSXParserMixin.parseStatementContent (/home/kavia/workspace/code-generation/tictacweb-challenge-113508-0e7a474d/tic_tac_toe_frontend_workspace/tic_tac_toe_frontend/node_modules/@babel/parser/lib/index.js:12814:23)
    at JSXParserMixin.parseStatementLike (/home/kavia/workspace/code-generation/tictacweb-challenge-113508-0e7a474d/tic_tac_toe_frontend_workspace/tic_tac_toe_frontend/node_modules/@babel/parser/lib/index.js:12685:17)
    at JSXParserMixin.parseModuleItem (/home/kavia/workspace/code-generation/tictacweb-challenge-113508-0e7a474d/tic_tac_toe_frontend_workspace/tic_tac_toe_frontend/node_modules/@babel/parser/lib/index.js:12662:17)
    at JSXParserMixin.parseBlockOrModuleBlockBody (/home/kavia/workspace/code-generation/tictacweb-challenge-113508-0e7a474d/tic_tac_toe_frontend_workspace/tic_tac_toe_frontend/node_modules/@babel/parser/lib/index.js:13235:36)
    at JSXParserMixin.parseBlockBody (/home/kavia/workspace/code-generation/tictacweb-challenge-113508-0e7a474d/tic_tac_toe_frontend_workspace/tic_tac_toe_frontend/node_modules/@babel/parser/lib/index.js:13228:10)
    at JSXParserMixin.parseProgram (/home/kavia/workspace/code-generation/tictacweb-challenge-113508-0e7a474d/tic_tac_toe_frontend_workspace/tic_tac_toe_frontend/node_modules/@babel/parser/lib/index.js:12541:10)
    at JSXParserMixin.parseTopLevel (/home/kavia/workspace/code-generation/tictacweb-challenge-113508-0e7a474d/tic_tac_toe_frontend_workspace/tic_tac_toe_frontend/node_modules/@babel/parser/lib/index.js:12531:25)
    at JSXParserMixin.parse (/home/kavia/workspace/code-generation/tictacweb-challenge-113508-0e7a474d/tic_tac_toe_frontend_workspace/tic_tac_toe_frontend/node_modules/@babel/parser/lib/index.js:14410:10)
    at parse (/home/kavia/workspace/code-generation/tictacweb-challenge-113508-0e7a474d/tic_tac_toe_frontend_workspace/tic_tac_toe_frontend/node_modules/@babel/parser/lib/index.js:14444:38)
    at parser (/home/kavia/workspace/code-generation/tictacweb-challenge-113508-0e7a474d/tic_tac_toe_frontend_workspace/tic_tac_toe_frontend/node_modules/@babel/core/lib/parser/index.js:41:34)
    at parser.next (<anonymous>)
    at normalizeFile (/home/kavia/workspace/code-generation/tictacweb-challenge-113508-0e7a474d/tic_tac_toe_frontend_workspace/tic_tac_toe_frontend/node_modules/@babel/core/lib/transformation/normalize-file.js:64:37)
    at normalizeFile.next (<anonymous>)
    at run (/home/kavia/workspace/code-generation/tictacweb-challenge-113508-0e7a474d/tic_tac_toe_frontend_workspace/tic_tac_toe_frontend/node_modules/@babel/core/lib/transformation/index.js:22:50)
    at run.next (<anonymous>)
    at transform (/home/kavia/workspace/code-generation/tictacweb-challenge-113508-0e7a474d/tic_tac_toe_frontend_workspace/tic_tac_toe_frontend/node_modules/@babel/core/lib/transform.js:22:33)
    at transform.next (<anonymous>)
    at step (/home/kavia/workspace/code-generation/tictacweb-challenge-113508-0e7a474d/tic_tac_toe_frontend_workspace/tic_tac_toe_frontend/node_modules/gensync/index.js:261:32)
    at /home/kavia/workspace/code-generation/tictacweb-challenge-113508-0e7a474d/tic_tac_toe_frontend_workspace/tic_tac_toe_frontend/node_modules/gensync/index.js:273:13
    at async.call.result.err.err (/home/kavia/workspace/code-generation/tictacweb-challenge-113508-0e7a474d/tic_tac_toe_frontend_workspace/tic_tac_toe_frontend/node_modules/gensync/index.js:223:11)
 @ ./src/index.js 5:0-24 11:32-35

webpack 5.99.9 compiled with 1 error in 34 ms
assets by status 1.39 MiB [cached] 2 assets
cached modules 1.26 MiB (javascript) 27.5 KiB (runtime) [cached] 53 modules
./src/App.js 39 bytes [built] [1 error]

ERROR in ./src/App.js
Module build failed (from ./node_modules/babel-loader/lib/index.js):
SyntaxError: /home/kavia/workspace/code-generation/tictacweb-challenge-113508-0e7a474d/tic_tac_toe_frontend_workspace/tic_tac_toe_frontend/src/App.js: Unexpected token (116:0)

  114 |   return COLOR_SCREEN_DARK;
  115 | }
> 116 | =======
      | ^
  117 |
  118 | /**
  119 |  * PUBLIC_INTERFACE
    at constructor (/home/kavia/workspace/code-generation/tictacweb-challenge-113508-0e7a474d/tic_tac_toe_frontend_workspace/tic_tac_toe_frontend/node_modules/@babel/parser/lib/index.js:363:19)
    at JSXParserMixin.raise (/home/kavia/workspace/code-generation/tictacweb-challenge-113508-0e7a474d/tic_tac_toe_frontend_workspace/tic_tac_toe_frontend/node_modules/@babel/parser/lib/index.js:6609:19)
    at JSXParserMixin.unexpected (/home/kavia/workspace/code-generation/tictacweb-challenge-113508-0e7a474d/tic_tac_toe_frontend_workspace/tic_tac_toe_frontend/node_modules/@babel/parser/lib/index.js:6629:16)
    at JSXParserMixin.parseExprAtom (/home/kavia/workspace/code-generation/tictacweb-challenge-113508-0e7a474d/tic_tac_toe_frontend_workspace/tic_tac_toe_frontend/node_modules/@babel/parser/lib/index.js:11378:16)
    at JSXParserMixin.parseExprAtom (/home/kavia/workspace/code-generation/tictacweb-challenge-113508-0e7a474d/tic_tac_toe_frontend_workspace/tic_tac_toe_frontend/node_modules/@babel/parser/lib/index.js:4776:20)
    at JSXParserMixin.parseExprSubscripts (/home/kavia/workspace/code-generation/tictacweb-challenge-113508-0e7a474d/tic_tac_toe_frontend_workspace/tic_tac_toe_frontend/node_modules/@babel/parser/lib/index.js:11012:23)
    at JSXParserMixin.parseUpdate (/home/kavia/workspace/code-generation/tictacweb-challenge-113508-0e7a474d/tic_tac_toe_frontend_workspace/tic_tac_toe_frontend/node_modules/@babel/parser/lib/index.js:10997:21)
    at JSXParserMixin.parseMaybeUnary (/home/kavia/workspace/code-generation/tictacweb-challenge-113508-0e7a474d/tic_tac_toe_frontend_workspace/tic_tac_toe_frontend/node_modules/@babel/parser/lib/index.js:10977:23)
    at JSXParserMixin.parseMaybeUnaryOrPrivate (/home/kavia/workspace/code-generation/tictacweb-challenge-113508-0e7a474d/tic_tac_toe_frontend_workspace/tic_tac_toe_frontend/node_modules/@babel/parser/lib/index.js:10830:61)
    at JSXParserMixin.parseExprOps (/home/kavia/workspace/code-generation/tictacweb-challenge-113508-0e7a474d/tic_tac_toe_frontend_workspace/tic_tac_toe_frontend/node_modules/@babel/parser/lib/index.js:10835:23)
    at JSXParserMixin.parseMaybeConditional (/home/kavia/workspace/code-generation/tictacweb-challenge-113508-0e7a474d/tic_tac_toe_frontend_workspace/tic_tac_toe_frontend/node_modules/@babel/parser/lib/index.js:10812:23)
    at JSXParserMixin.parseMaybeAssign (/home/kavia/workspace/code-generation/tictacweb-challenge-113508-0e7a474d/tic_tac_toe_frontend_workspace/tic_tac_toe_frontend/node_modules/@babel/parser/lib/index.js:10765:21)
    at JSXParserMixin.parseExpressionBase (/home/kavia/workspace/code-generation/tictacweb-challenge-113508-0e7a474d/tic_tac_toe_frontend_workspace/tic_tac_toe_frontend/node_modules/@babel/parser/lib/index.js:10718:23)
    at /home/kavia/workspace/code-generation/tictacweb-challenge-113508-0e7a474d/tic_tac_toe_frontend_workspace/tic_tac_toe_frontend/node_modules/@babel/parser/lib/index.js:10714:39
    at JSXParserMixin.allowInAnd (/home/kavia/workspace/code-generation/tictacweb-challenge-113508-0e7a474d/tic_tac_toe_frontend_workspace/tic_tac_toe_frontend/node_modules/@babel/parser/lib/index.js:12356:16)
    at JSXParserMixin.parseExpression (/home/kavia/workspace/code-generation/tictacweb-challenge-113508-0e7a474d/tic_tac_toe_frontend_workspace/tic_tac_toe_frontend/node_modules/@babel/parser/lib/index.js:10714:17)
    at JSXParserMixin.parseStatementContent (/home/kavia/workspace/code-generation/tictacweb-challenge-113508-0e7a474d/tic_tac_toe_frontend_workspace/tic_tac_toe_frontend/node_modules/@babel/parser/lib/index.js:12814:23)
    at JSXParserMixin.parseStatementLike (/home/kavia/workspace/code-generation/tictacweb-challenge-113508-0e7a474d/tic_tac_toe_frontend_workspace/tic_tac_toe_frontend/node_modules/@babel/parser/lib/index.js:12685:17)
    at JSXParserMixin.parseModuleItem (/home/kavia/workspace/code-generation/tictacweb-challenge-113508-0e7a474d/tic_tac_toe_frontend_workspace/tic_tac_toe_frontend/node_modules/@babel/parser/lib/index.js:12662:17)
    at JSXParserMixin.parseBlockOrModuleBlockBody (/home/kavia/workspace/code-generation/tictacweb-challenge-113508-0e7a474d/tic_tac_toe_frontend_workspace/tic_tac_toe_frontend/node_modules/@babel/parser/lib/index.js:13235:36)
    at JSXParserMixin.parseBlockBody (/home/kavia/workspace/code-generation/tictacweb-challenge-113508-0e7a474d/tic_tac_toe_frontend_workspace/tic_tac_toe_frontend/node_modules/@babel/parser/lib/index.js:13228:10)
    at JSXParserMixin.parseProgram (/home/kavia/workspace/code-generation/tictacweb-challenge-113508-0e7a474d/tic_tac_toe_frontend_workspace/tic_tac_toe_frontend/node_modules/@babel/parser/lib/index.js:12541:10)
    at JSXParserMixin.parseTopLevel (/home/kavia/workspace/code-generation/tictacweb-challenge-113508-0e7a474d/tic_tac_toe_frontend_workspace/tic_tac_toe_frontend/node_modules/@babel/parser/lib/index.js:12531:25)
    at JSXParserMixin.parse (/home/kavia/workspace/code-generation/tictacweb-challenge-113508-0e7a474d/tic_tac_toe_frontend_workspace/tic_tac_toe_frontend/node_modules/@babel/parser/lib/index.js:14410:10)
    at parse (/home/kavia/workspace/code-generation/tictacweb-challenge-113508-0e7a474d/tic_tac_toe_frontend_workspace/tic_tac_toe_frontend/node_modules/@babel/parser/lib/index.js:14444:38)
    at parser (/home/kavia/workspace/code-generation/tictacweb-challenge-113508-0e7a474d/tic_tac_toe_frontend_workspace/tic_tac_toe_frontend/node_modules/@babel/core/lib/parser/index.js:41:34)
    at parser.next (<anonymous>)
    at normalizeFile (/home/kavia/workspace/code-generation/tictacweb-challenge-113508-0e7a474d/tic_tac_toe_frontend_workspace/tic_tac_toe_frontend/node_modules/@babel/core/lib/transformation/normalize-file.js:64:37)
    at normalizeFile.next (<anonymous>)
    at run (/home/kavia/workspace/code-generation/tictacweb-challenge-113508-0e7a474d/tic_tac_toe_frontend_workspace/tic_tac_toe_frontend/node_modules/@babel/core/lib/transformation/index.js:22:50)
    at run.next (<anonymous>)
    at transform (/home/kavia/workspace/code-generation/tictacweb-challenge-113508-0e7a474d/tic_tac_toe_frontend_workspace/tic_tac_toe_frontend/node_modules/@babel/core/lib/transform.js:22:33)
    at transform.next (<anonymous>)
    at step (/home/kavia/workspace/code-generation/tictacweb-challenge-113508-0e7a474d/tic_tac_toe_frontend_workspace/tic_tac_toe_frontend/node_modules/gensync/index.js:261:32)
    at /home/kavia/workspace/code-generation/tictacweb-challenge-113508-0e7a474d/tic_tac_toe_frontend_workspace/tic_tac_toe_frontend/node_modules/gensync/index.js:273:13
    at async.call.result.err.err (/home/kavia/workspace/code-generation/tictacweb-challenge-113508-0e7a474d/tic_tac_toe_frontend_workspace/tic_tac_toe_frontend/node_modules/gensync/index.js:223:11)
 @ ./src/index.js 5:0-24 11:32-35

webpack 5.99.9 compiled with 1 error in 29 ms
assets by status 1.39 MiB [cached] 2 assets
cached modules 1.26 MiB (javascript) 27.5 KiB (runtime) [cached] 53 modules
./src/App.js 39 bytes [built] [1 error]

ERROR in ./src/App.js
Module build failed (from ./node_modules/babel-loader/lib/index.js):
SyntaxError: /home/kavia/workspace/code-generation/tictacweb-challenge-113508-0e7a474d/tic_tac_toe_frontend_workspace/tic_tac_toe_frontend/src/App.js: Unexpected token (116:0)

  114 |   return COLOR_SCREEN_DARK;
  115 | }
> 116 | =======
      | ^
  117 |
  118 | /**
  119 |  * PUBLIC_INTERFACE
    at constructor (/home/kavia/workspace/code-generation/tictacweb-challenge-113508-0e7a474d/tic_tac_toe_frontend_workspace/tic_tac_toe_frontend/node_modules/@babel/parser/lib/index.js:363:19)
    at JSXParserMixin.raise (/home/kavia/workspace/code-generation/tictacweb-challenge-113508-0e7a474d/tic_tac_toe_frontend_workspace/tic_tac_toe_frontend/node_modules/@babel/parser/lib/index.js:6609:19)
    at JSXParserMixin.unexpected (/home/kavia/workspace/code-generation/tictacweb-challenge-113508-0e7a474d/tic_tac_toe_frontend_workspace/tic_tac_toe_frontend/node_modules/@babel/parser/lib/index.js:6629:16)
    at JSXParserMixin.parseExprAtom (/home/kavia/workspace/code-generation/tictacweb-challenge-113508-0e7a474d/tic_tac_toe_frontend_workspace/tic_tac_toe_frontend/node_modules/@babel/parser/lib/index.js:11378:16)
    at JSXParserMixin.parseExprAtom (/home/kavia/workspace/code-generation/tictacweb-challenge-113508-0e7a474d/tic_tac_toe_frontend_workspace/tic_tac_toe_frontend/node_modules/@babel/parser/lib/index.js:4776:20)
    at JSXParserMixin.parseExprSubscripts (/home/kavia/workspace/code-generation/tictacweb-challenge-113508-0e7a474d/tic_tac_toe_frontend_workspace/tic_tac_toe_frontend/node_modules/@babel/parser/lib/index.js:11012:23)
    at JSXParserMixin.parseUpdate (/home/kavia/workspace/code-generation/tictacweb-challenge-113508-0e7a474d/tic_tac_toe_frontend_workspace/tic_tac_toe_frontend/node_modules/@babel/parser/lib/index.js:10997:21)
    at JSXParserMixin.parseMaybeUnary (/home/kavia/workspace/code-generation/tictacweb-challenge-113508-0e7a474d/tic_tac_toe_frontend_workspace/tic_tac_toe_frontend/node_modules/@babel/parser/lib/index.js:10977:23)
    at JSXParserMixin.parseMaybeUnaryOrPrivate (/home/kavia/workspace/code-generation/tictacweb-challenge-113508-0e7a474d/tic_tac_toe_frontend_workspace/tic_tac_toe_frontend/node_modules/@babel/parser/lib/index.js:10830:61)
    at JSXParserMixin.parseExprOps (/home/kavia/workspace/code-generation/tictacweb-challenge-113508-0e7a474d/tic_tac_toe_frontend_workspace/tic_tac_toe_frontend/node_modules/@babel/parser/lib/index.js:10835:23)
    at JSXParserMixin.parseMaybeConditional (/home/kavia/workspace/code-generation/tictacweb-challenge-113508-0e7a474d/tic_tac_toe_frontend_workspace/tic_tac_toe_frontend/node_modules/@babel/parser/lib/index.js:10812:23)
    at JSXParserMixin.parseMaybeAssign (/home/kavia/workspace/code-generation/tictacweb-challenge-113508-0e7a474d/tic_tac_toe_frontend_workspace/tic_tac_toe_frontend/node_modules/@babel/parser/lib/index.js:10765:21)
    at JSXParserMixin.parseExpressionBase (/home/kavia/workspace/code-generation/tictacweb-challenge-113508-0e7a474d/tic_tac_toe_frontend_workspace/tic_tac_toe_frontend/node_modules/@babel/parser/lib/index.js:10718:23)
    at /home/kavia/workspace/code-generation/tictacweb-challenge-113508-0e7a474d/tic_tac_toe_frontend_workspace/tic_tac_toe_frontend/node_modules/@babel/parser/lib/index.js:10714:39
    at JSXParserMixin.allowInAnd (/home/kavia/workspace/code-generation/tictacweb-challenge-113508-0e7a474d/tic_tac_toe_frontend_workspace/tic_tac_toe_frontend/node_modules/@babel/parser/lib/index.js:12356:16)
    at JSXParserMixin.parseExpression (/home/kavia/workspace/code-generation/tictacweb-challenge-113508-0e7a474d/tic_tac_toe_frontend_workspace/tic_tac_toe_frontend/node_modules/@babel/parser/lib/index.js:10714:17)
    at JSXParserMixin.parseStatementContent (/home/kavia/workspace/code-generation/tictacweb-challenge-113508-0e7a474d/tic_tac_toe_frontend_workspace/tic_tac_toe_frontend/node_modules/@babel/parser/lib/index.js:12814:23)
    at JSXParserMixin.parseStatementLike (/home/kavia/workspace/code-generation/tictacweb-challenge-113508-0e7a474d/tic_tac_toe_frontend_workspace/tic_tac_toe_frontend/node_modules/@babel/parser/lib/index.js:12685:17)
    at JSXParserMixin.parseModuleItem (/home/kavia/workspace/code-generation/tictacweb-challenge-113508-0e7a474d/tic_tac_toe_frontend_workspace/tic_tac_toe_frontend/node_modules/@babel/parser/lib/index.js:12662:17)
    at JSXParserMixin.parseBlockOrModuleBlockBody (/home/kavia/workspace/code-generation/tictacweb-challenge-113508-0e7a474d/tic_tac_toe_frontend_workspace/tic_tac_toe_frontend/node_modules/@babel/parser/lib/index.js:13235:36)
    at JSXParserMixin.parseBlockBody (/home/kavia/workspace/code-generation/tictacweb-challenge-113508-0e7a474d/tic_tac_toe_frontend_workspace/tic_tac_toe_frontend/node_modules/@babel/parser/lib/index.js:13228:10)
    at JSXParserMixin.parseProgram (/home/kavia/workspace/code-generation/tictacweb-challenge-113508-0e7a474d/tic_tac_toe_frontend_workspace/tic_tac_toe_frontend/node_modules/@babel/parser/lib/index.js:12541:10)
    at JSXParserMixin.parseTopLevel (/home/kavia/workspace/code-generation/tictacweb-challenge-113508-0e7a474d/tic_tac_toe_frontend_workspace/tic_tac_toe_frontend/node_modules/@babel/parser/lib/index.js:12531:25)
    at JSXParserMixin.parse (/home/kavia/workspace/code-generation/tictacweb-challenge-113508-0e7a474d/tic_tac_toe_frontend_workspace/tic_tac_toe_frontend/node_modules/@babel/parser/lib/index.js:14410:10)
    at parse (/home/kavia/workspace/code-generation/tictacweb-challenge-113508-0e7a474d/tic_tac_toe_frontend_workspace/tic_tac_toe_frontend/node_modules/@babel/parser/lib/index.js:14444:38)
    at parser (/home/kavia/workspace/code-generation/tictacweb-challenge-113508-0e7a474d/tic_tac_toe_frontend_workspace/tic_tac_toe_frontend/node_modules/@babel/core/lib/parser/index.js:41:34)
    at parser.next (<anonymous>)
    at normalizeFile (/home/kavia/workspace/code-generation/tictacweb-challenge-113508-0e7a474d/tic_tac_toe_frontend_workspace/tic_tac_toe_frontend/node_modules/@babel/core/lib/transformation/normalize-file.js:64:37)
    at normalizeFile.next (<anonymous>)
    at run (/home/kavia/workspace/code-generation/tictacweb-challenge-113508-0e7a474d/tic_tac_toe_frontend_workspace/tic_tac_toe_frontend/node_modules/@babel/core/lib/transformation/index.js:22:50)
    at run.next (<anonymous>)
    at transform (/home/kavia/workspace/code-generation/tictacweb-challenge-113508-0e7a474d/tic_tac_toe_frontend_workspace/tic_tac_toe_frontend/node_modules/@babel/core/lib/transform.js:22:33)
    at transform.next (<anonymous>)
    at step (/home/kavia/workspace/code-generation/tictacweb-challenge-113508-0e7a474d/tic_tac_toe_frontend_workspace/tic_tac_toe_frontend/node_modules/gensync/index.js:261:32)
    at /home/kavia/workspace/code-generation/tictacweb-challenge-113508-0e7a474d/tic_tac_toe_frontend_workspace/tic_tac_toe_frontend/node_modules/gensync/index.js:273:13
    at async.call.result.err.err (/home/kavia/workspace/code-generation/tictacweb-challenge-113508-0e7a474d/tic_tac_toe_frontend_workspace/tic_tac_toe_frontend/node_modules/gensync/index.js:223:11)
 @ ./src/index.js 5:0-24 11:32-35

webpack 5.99.9 compiled with 1 error in 25 ms
assets by status 1.39 MiB [cached] 2 assets
cached modules 1.26 MiB (javascript) 27.5 KiB (runtime) [cached] 53 modules
./src/App.js 39 bytes [built] [1 error]

ERROR in ./src/App.js
Module build failed (from ./node_modules/babel-loader/lib/index.js):
SyntaxError: /home/kavia/workspace/code-generation/tictacweb-challenge-113508-0e7a474d/tic_tac_toe_frontend_workspace/tic_tac_toe_frontend/src/App.js: Unexpected token (116:0)

  114 |   return COLOR_SCREEN_DARK;
  115 | }
> 116 | =======
      | ^
  117 |
  118 | /**
  119 |  * PUBLIC_INTERFACE
    at constructor (/home/kavia/workspace/code-generation/tictacweb-challenge-113508-0e7a474d/tic_tac_toe_frontend_workspace/tic_tac_toe_frontend/node_modules/@babel/parser/lib/index.js:363:19)
    at JSXParserMixin.raise (/home/kavia/workspace/code-generation/tictacweb-challenge-113508-0e7a474d/tic_tac_toe_frontend_workspace/tic_tac_toe_frontend/node_modules/@babel/parser/lib/index.js:6609:19)
    at JSXParserMixin.unexpected (/home/kavia/workspace/code-generation/tictacweb-challenge-113508-0e7a474d/tic_tac_toe_frontend_workspace/tic_tac_toe_frontend/node_modules/@babel/parser/lib/index.js:6629:16)
    at JSXParserMixin.parseExprAtom (/home/kavia/workspace/code-generation/tictacweb-challenge-113508-0e7a474d/tic_tac_toe_frontend_workspace/tic_tac_toe_frontend/node_modules/@babel/parser/lib/index.js:11378:16)
    at JSXParserMixin.parseExprAtom (/home/kavia/workspace/code-generation/tictacweb-challenge-113508-0e7a474d/tic_tac_toe_frontend_workspace/tic_tac_toe_frontend/node_modules/@babel/parser/lib/index.js:4776:20)
    at JSXParserMixin.parseExprSubscripts (/home/kavia/workspace/code-generation/tictacweb-challenge-113508-0e7a474d/tic_tac_toe_frontend_workspace/tic_tac_toe_frontend/node_modules/@babel/parser/lib/index.js:11012:23)
    at JSXParserMixin.parseUpdate (/home/kavia/workspace/code-generation/tictacweb-challenge-113508-0e7a474d/tic_tac_toe_frontend_workspace/tic_tac_toe_frontend/node_modules/@babel/parser/lib/index.js:10997:21)
    at JSXParserMixin.parseMaybeUnary (/home/kavia/workspace/code-generation/tictacweb-challenge-113508-0e7a474d/tic_tac_toe_frontend_workspace/tic_tac_toe_frontend/node_modules/@babel/parser/lib/index.js:10977:23)
    at JSXParserMixin.parseMaybeUnaryOrPrivate (/home/kavia/workspace/code-generation/tictacweb-challenge-113508-0e7a474d/tic_tac_toe_frontend_workspace/tic_tac_toe_frontend/node_modules/@babel/parser/lib/index.js:10830:61)
    at JSXParserMixin.parseExprOps (/home/kavia/workspace/code-generation/tictacweb-challenge-113508-0e7a474d/tic_tac_toe_frontend_workspace/tic_tac_toe_frontend/node_modules/@babel/parser/lib/index.js:10835:23)
    at JSXParserMixin.parseMaybeConditional (/home/kavia/workspace/code-generation/tictacweb-challenge-113508-0e7a474d/tic_tac_toe_frontend_workspace/tic_tac_toe_frontend/node_modules/@babel/parser/lib/index.js:10812:23)
    at JSXParserMixin.parseMaybeAssign (/home/kavia/workspace/code-generation/tictacweb-challenge-113508-0e7a474d/tic_tac_toe_frontend_workspace/tic_tac_toe_frontend/node_modules/@babel/parser/lib/index.js:10765:21)
    at JSXParserMixin.parseExpressionBase (/home/kavia/workspace/code-generation/tictacweb-challenge-113508-0e7a474d/tic_tac_toe_frontend_workspace/tic_tac_toe_frontend/node_modules/@babel/parser/lib/index.js:10718:23)
    at /home/kavia/workspace/code-generation/tictacweb-challenge-113508-0e7a474d/tic_tac_toe_frontend_workspace/tic_tac_toe_frontend/node_modules/@babel/parser/lib/index.js:10714:39
    at JSXParserMixin.allowInAnd (/home/kavia/workspace/code-generation/tictacweb-challenge-113508-0e7a474d/tic_tac_toe_frontend_workspace/tic_tac_toe_frontend/node_modules/@babel/parser/lib/index.js:12356:16)
    at JSXParserMixin.parseExpression (/home/kavia/workspace/code-generation/tictacweb-challenge-113508-0e7a474d/tic_tac_toe_frontend_workspace/tic_tac_toe_frontend/node_modules/@babel/parser/lib/index.js:10714:17)
    at JSXParserMixin.parseStatementContent (/home/kavia/workspace/code-generation/tictacweb-challenge-113508-0e7a474d/tic_tac_toe_frontend_workspace/tic_tac_toe_frontend/node_modules/@babel/parser/lib/index.js:12814:23)
    at JSXParserMixin.parseStatementLike (/home/kavia/workspace/code-generation/tictacweb-challenge-113508-0e7a474d/tic_tac_toe_frontend_workspace/tic_tac_toe_frontend/node_modules/@babel/parser/lib/index.js:12685:17)
    at JSXParserMixin.parseModuleItem (/home/kavia/workspace/code-generation/tictacweb-challenge-113508-0e7a474d/tic_tac_toe_frontend_workspace/tic_tac_toe_frontend/node_modules/@babel/parser/lib/index.js:12662:17)
    at JSXParserMixin.parseBlockOrModuleBlockBody (/home/kavia/workspace/code-generation/tictacweb-challenge-113508-0e7a474d/tic_tac_toe_frontend_workspace/tic_tac_toe_frontend/node_modules/@babel/parser/lib/index.js:13235:36)
    at JSXParserMixin.parseBlockBody (/home/kavia/workspace/code-generation/tictacweb-challenge-113508-0e7a474d/tic_tac_toe_frontend_workspace/tic_tac_toe_frontend/node_modules/@babel/parser/lib/index.js:13228:10)
    at JSXParserMixin.parseProgram (/home/kavia/workspace/code-generation/tictacweb-challenge-113508-0e7a474d/tic_tac_toe_frontend_workspace/tic_tac_toe_frontend/node_modules/@babel/parser/lib/index.js:12541:10)
    at JSXParserMixin.parseTopLevel (/home/kavia/workspace/code-generation/tictacweb-challenge-113508-0e7a474d/tic_tac_toe_frontend_workspace/tic_tac_toe_frontend/node_modules/@babel/parser/lib/index.js:12531:25)
    at JSXParserMixin.parse (/home/kavia/workspace/code-generation/tictacweb-challenge-113508-0e7a474d/tic_tac_toe_frontend_workspace/tic_tac_toe_frontend/node_modules/@babel/parser/lib/index.js:14410:10)
    at parse (/home/kavia/workspace/code-generation/tictacweb-challenge-113508-0e7a474d/tic_tac_toe_frontend_workspace/tic_tac_toe_frontend/node_modules/@babel/parser/lib/index.js:14444:38)
    at parser (/home/kavia/workspace/code-generation/tictacweb-challenge-113508-0e7a474d/tic_tac_toe_frontend_workspace/tic_tac_toe_frontend/node_modules/@babel/core/lib/parser/index.js:41:34)
    at parser.next (<anonymous>)
    at normalizeFile (/home/kavia/workspace/code-generation/tictacweb-challenge-113508-0e7a474d/tic_tac_toe_frontend_workspace/tic_tac_toe_frontend/node_modules/@babel/core/lib/transformation/normalize-file.js:64:37)
    at normalizeFile.next (<anonymous>)
    at run (/home/kavia/workspace/code-generation/tictacweb-challenge-113508-0e7a474d/tic_tac_toe_frontend_workspace/tic_tac_toe_frontend/node_modules/@babel/core/lib/transformation/index.js:22:50)
    at run.next (<anonymous>)
    at transform (/home/kavia/workspace/code-generation/tictacweb-challenge-113508-0e7a474d/tic_tac_toe_frontend_workspace/tic_tac_toe_frontend/node_modules/@babel/core/lib/transform.js:22:33)
    at transform.next (<anonymous>)
    at step (/home/kavia/workspace/code-generation/tictacweb-challenge-113508-0e7a474d/tic_tac_toe_frontend_workspace/tic_tac_toe_frontend/node_modules/gensync/index.js:261:32)
    at /home/kavia/workspace/code-generation/tictacweb-challenge-113508-0e7a474d/tic_tac_toe_frontend_workspace/tic_tac_toe_frontend/node_modules/gensync/index.js:273:13
    at async.call.result.err.err (/home/kavia/workspace/code-generation/tictacweb-challenge-113508-0e7a474d/tic_tac_toe_frontend_workspace/tic_tac_toe_frontend/node_modules/gensync/index.js:223:11)
 @ ./src/index.js 5:0-24 11:32-35

webpack 5.99.9 compiled with 1 error in 21 ms
assets by status 1.98 KiB [cached] 1 asset
assets by path *.js 1.38 MiB
  asset bundle.js 1.38 MiB [emitted] (name: main)
  asset main.4d4affa54aeeec8efc1c.hot-update.js 854 bytes [emitted] [immutable] [hmr] (name: main)
asset main.4d4affa54aeeec8efc1c.hot-update.json 28 bytes [emitted] [immutable] [hmr]
Entrypoint main 1.38 MiB = bundle.js 1.38 MiB main.4d4affa54aeeec8efc1c.hot-update.js 854 bytes
cached modules 1.26 MiB [cached] 39 modules
runtime modules 27.5 KiB 14 modules
./src/App.js 39 bytes [built] [1 error]

ERROR in ./src/App.js
Module build failed (from ./node_modules/babel-loader/lib/index.js):
SyntaxError: /home/kavia/workspace/code-generation/tictacweb-challenge-113508-0e7a474d/tic_tac_toe_frontend_workspace/tic_tac_toe_frontend/src/App.js: Unexpected token (117:0)

  115 |  */
  116 | function App() {
> 117 | =======
      | ^
  118 | function getCellColor(value) {
  119 |   if (value === PLAYER_X) return COLOR_PRIMARY;
  120 |   if (value === PLAYER_O) return COLOR_SECONDARY;
    at constructor (/home/kavia/workspace/code-generation/tictacweb-challenge-113508-0e7a474d/tic_tac_toe_frontend_workspace/tic_tac_toe_frontend/node_modules/@babel/parser/lib/index.js:363:19)
    at JSXParserMixin.raise (/home/kavia/workspace/code-generation/tictacweb-challenge-113508-0e7a474d/tic_tac_toe_frontend_workspace/tic_tac_toe_frontend/node_modules/@babel/parser/lib/index.js:6609:19)
    at JSXParserMixin.unexpected (/home/kavia/workspace/code-generation/tictacweb-challenge-113508-0e7a474d/tic_tac_toe_frontend_workspace/tic_tac_toe_frontend/node_modules/@babel/parser/lib/index.js:6629:16)
    at JSXParserMixin.parseExprAtom (/home/kavia/workspace/code-generation/tictacweb-challenge-113508-0e7a474d/tic_tac_toe_frontend_workspace/tic_tac_toe_frontend/node_modules/@babel/parser/lib/index.js:11378:16)
    at JSXParserMixin.parseExprAtom (/home/kavia/workspace/code-generation/tictacweb-challenge-113508-0e7a474d/tic_tac_toe_frontend_workspace/tic_tac_toe_frontend/node_modules/@babel/parser/lib/index.js:4776:20)
    at JSXParserMixin.parseExprSubscripts (/home/kavia/workspace/code-generation/tictacweb-challenge-113508-0e7a474d/tic_tac_toe_frontend_workspace/tic_tac_toe_frontend/node_modules/@babel/parser/lib/index.js:11012:23)
    at JSXParserMixin.parseUpdate (/home/kavia/workspace/code-generation/tictacweb-challenge-113508-0e7a474d/tic_tac_toe_frontend_workspace/tic_tac_toe_frontend/node_modules/@babel/parser/lib/index.js:10997:21)
    at JSXParserMixin.parseMaybeUnary (/home/kavia/workspace/code-generation/tictacweb-challenge-113508-0e7a474d/tic_tac_toe_frontend_workspace/tic_tac_toe_frontend/node_modules/@babel/parser/lib/index.js:10977:23)
    at JSXParserMixin.parseMaybeUnaryOrPrivate (/home/kavia/workspace/code-generation/tictacweb-challenge-113508-0e7a474d/tic_tac_toe_frontend_workspace/tic_tac_toe_frontend/node_modules/@babel/parser/lib/index.js:10830:61)
    at JSXParserMixin.parseExprOps (/home/kavia/workspace/code-generation/tictacweb-challenge-113508-0e7a474d/tic_tac_toe_frontend_workspace/tic_tac_toe_frontend/node_modules/@babel/parser/lib/index.js:10835:23)
    at JSXParserMixin.parseMaybeConditional (/home/kavia/workspace/code-generation/tictacweb-challenge-113508-0e7a474d/tic_tac_toe_frontend_workspace/tic_tac_toe_frontend/node_modules/@babel/parser/lib/index.js:10812:23)
    at JSXParserMixin.parseMaybeAssign (/home/kavia/workspace/code-generation/tictacweb-challenge-113508-0e7a474d/tic_tac_toe_frontend_workspace/tic_tac_toe_frontend/node_modules/@babel/parser/lib/index.js:10765:21)
    at JSXParserMixin.parseExpressionBase (/home/kavia/workspace/code-generation/tictacweb-challenge-113508-0e7a474d/tic_tac_toe_frontend_workspace/tic_tac_toe_frontend/node_modules/@babel/parser/lib/index.js:10718:23)
    at /home/kavia/workspace/code-generation/tictacweb-challenge-113508-0e7a474d/tic_tac_toe_frontend_workspace/tic_tac_toe_frontend/node_modules/@babel/parser/lib/index.js:10714:39
    at JSXParserMixin.allowInAnd (/home/kavia/workspace/code-generation/tictacweb-challenge-113508-0e7a474d/tic_tac_toe_frontend_workspace/tic_tac_toe_frontend/node_modules/@babel/parser/lib/index.js:12356:16)
    at JSXParserMixin.parseExpression (/home/kavia/workspace/code-generation/tictacweb-challenge-113508-0e7a474d/tic_tac_toe_frontend_workspace/tic_tac_toe_frontend/node_modules/@babel/parser/lib/index.js:10714:17)
    at JSXParserMixin.parseStatementContent (/home/kavia/workspace/code-generation/tictacweb-challenge-113508-0e7a474d/tic_tac_toe_frontend_workspace/tic_tac_toe_frontend/node_modules/@babel/parser/lib/index.js:12814:23)
    at JSXParserMixin.parseStatementLike (/home/kavia/workspace/code-generation/tictacweb-challenge-113508-0e7a474d/tic_tac_toe_frontend_workspace/tic_tac_toe_frontend/node_modules/@babel/parser/lib/index.js:12685:17)
    at JSXParserMixin.parseStatementListItem (/home/kavia/workspace/code-generation/tictacweb-challenge-113508-0e7a474d/tic_tac_toe_frontend_workspace/tic_tac_toe_frontend/node_modules/@babel/parser/lib/index.js:12665:17)
    at JSXParserMixin.parseBlockOrModuleBlockBody (/home/kavia/workspace/code-generation/tictacweb-challenge-113508-0e7a474d/tic_tac_toe_frontend_workspace/tic_tac_toe_frontend/node_modules/@babel/parser/lib/index.js:13235:61)
    at JSXParserMixin.parseBlockBody (/home/kavia/workspace/code-generation/tictacweb-challenge-113508-0e7a474d/tic_tac_toe_frontend_workspace/tic_tac_toe_frontend/node_modules/@babel/parser/lib/index.js:13228:10)
    at JSXParserMixin.parseBlock (/home/kavia/workspace/code-generation/tictacweb-challenge-113508-0e7a474d/tic_tac_toe_frontend_workspace/tic_tac_toe_frontend/node_modules/@babel/parser/lib/index.js:13216:10)
    at JSXParserMixin.parseFunctionBody (/home/kavia/workspace/code-generation/tictacweb-challenge-113508-0e7a474d/tic_tac_toe_frontend_workspace/tic_tac_toe_frontend/node_modules/@babel/parser/lib/index.js:12035:24)
    at JSXParserMixin.parseFunctionBodyAndFinish (/home/kavia/workspace/code-generation/tictacweb-challenge-113508-0e7a474d/tic_tac_toe_frontend_workspace/tic_tac_toe_frontend/node_modules/@babel/parser/lib/index.js:12021:10)
    at /home/kavia/workspace/code-generation/tictacweb-challenge-113508-0e7a474d/tic_tac_toe_frontend_workspace/tic_tac_toe_frontend/node_modules/@babel/parser/lib/index.js:13360:12
    at JSXParserMixin.withSmartMixTopicForbiddingContext (/home/kavia/workspace/code-generation/tictacweb-challenge-113508-0e7a474d/tic_tac_toe_frontend_workspace/tic_tac_toe_frontend/node_modules/@babel/parser/lib/index.js:12338:14)
    at JSXParserMixin.parseFunction (/home/kavia/workspace/code-generation/tictacweb-challenge-113508-0e7a474d/tic_tac_toe_frontend_workspace/tic_tac_toe_frontend/node_modules/@babel/parser/lib/index.js:13359:10)
    at JSXParserMixin.parseFunctionStatement (/home/kavia/workspace/code-generation/tictacweb-challenge-113508-0e7a474d/tic_tac_toe_frontend_workspace/tic_tac_toe_frontend/node_modules/@babel/parser/lib/index.js:13044:17)
    at JSXParserMixin.parseStatementContent (/home/kavia/workspace/code-generation/tictacweb-challenge-113508-0e7a474d/tic_tac_toe_frontend_workspace/tic_tac_toe_frontend/node_modules/@babel/parser/lib/index.js:12709:21)
    at JSXParserMixin.parseStatementLike (/home/kavia/workspace/code-generation/tictacweb-challenge-113508-0e7a474d/tic_tac_toe_frontend_workspace/tic_tac_toe_frontend/node_modules/@babel/parser/lib/index.js:12685:17)
    at JSXParserMixin.parseModuleItem (/home/kavia/workspace/code-generation/tictacweb-challenge-113508-0e7a474d/tic_tac_toe_frontend_workspace/tic_tac_toe_frontend/node_modules/@babel/parser/lib/index.js:12662:17)
    at JSXParserMixin.parseBlockOrModuleBlockBody (/home/kavia/workspace/code-generation/tictacweb-challenge-113508-0e7a474d/tic_tac_toe_frontend_workspace/tic_tac_toe_frontend/node_modules/@babel/parser/lib/index.js:13235:36)
    at JSXParserMixin.parseBlockBody (/home/kavia/workspace/code-generation/tictacweb-challenge-113508-0e7a474d/tic_tac_toe_frontend_workspace/tic_tac_toe_frontend/node_modules/@babel/parser/lib/index.js:13228:10)
    at JSXParserMixin.parseProgram (/home/kavia/workspace/code-generation/tictacweb-challenge-113508-0e7a474d/tic_tac_toe_frontend_workspace/tic_tac_toe_frontend/node_modules/@babel/parser/lib/index.js:12541:10)
    at JSXParserMixin.parseTopLevel (/home/kavia/workspace/code-generation/tictacweb-challenge-113508-0e7a474d/tic_tac_toe_frontend_workspace/tic_tac_toe_frontend/node_modules/@babel/parser/lib/index.js:12531:25)
    at JSXParserMixin.parse (/home/kavia/workspace/code-generation/tictacweb-challenge-113508-0e7a474d/tic_tac_toe_frontend_workspace/tic_tac_toe_frontend/node_modules/@babel/parser/lib/index.js:14410:10)
    at parse (/home/kavia/workspace/code-generation/tictacweb-challenge-113508-0e7a474d/tic_tac_toe_frontend_workspace/tic_tac_toe_frontend/node_modules/@babel/parser/lib/index.js:14444:38)
    at parser (/home/kavia/workspace/code-generation/tictacweb-challenge-113508-0e7a474d/tic_tac_toe_frontend_workspace/tic_tac_toe_frontend/node_modules/@babel/core/lib/parser/index.js:41:34)
    at parser.next (<anonymous>)
    at normalizeFile (/home/kavia/workspace/code-generation/tictacweb-challenge-113508-0e7a474d/tic_tac_toe_frontend_workspace/tic_tac_toe_frontend/node_modules/@babel/core/lib/transformation/normalize-file.js:64:37)
    at normalizeFile.next (<anonymous>)
    at run (/home/kavia/workspace/code-generation/tictacweb-challenge-113508-0e7a474d/tic_tac_toe_frontend_workspace/tic_tac_toe_frontend/node_modules/@babel/core/lib/transformation/index.js:22:50)
    at run.next (<anonymous>)
    at transform (/home/kavia/workspace/code-generation/tictacweb-challenge-113508-0e7a474d/tic_tac_toe_frontend_workspace/tic_tac_toe_frontend/node_modules/@babel/core/lib/transform.js:22:33)
    at transform.next (<anonymous>)
    at step (/home/kavia/workspace/code-generation/tictacweb-challenge-113508-0e7a474d/tic_tac_toe_frontend_workspace/tic_tac_toe_frontend/node_modules/gensync/index.js:261:32)
    at /home/kavia/workspace/code-generation/tictacweb-challenge-113508-0e7a474d/tic_tac_toe_frontend_workspace/tic_tac_toe_frontend/node_modules/gensync/index.js:273:13
    at async.call.result.err.err (/home/kavia/workspace/code-generation/tictacweb-challenge-113508-0e7a474d/tic_tac_toe_frontend_workspace/tic_tac_toe_frontend/node_modules/gensync/index.js:223:11)
 @ ./src/index.js 5:0-24 11:32-35

webpack 5.99.9 compiled with 1 error in 30 ms
assets by status 1.98 KiB [cached] 1 asset
assets by path *.js 1.46 MiB
  asset bundle.js 1.42 MiB [emitted] (name: main)
  asset main.e0afdf20588ef88e7e09.hot-update.js 42.2 KiB [emitted] [immutable] [hmr] (name: main)
asset main.e0afdf20588ef88e7e09.hot-update.json 28 bytes [emitted] [immutable] [hmr]
Entrypoint main 1.46 MiB = bundle.js 1.42 MiB main.e0afdf20588ef88e7e09.hot-update.js 42.2 KiB
cached modules 1.27 MiB [cached] 40 modules
runtime modules 27.5 KiB 14 modules
javascript modules 17.8 KiB
  ./src/index.js 530 bytes [code generated]
  ./src/App.js 17.2 KiB [built] [code generated]
webpack 5.99.9 compiled successfully in 110 ms
